[Wednesday, 01 June 2016 at 09:35:37]
ERROR: ./methods.lua:116: attempt to index field '?' (a nil value)
FROM: 123038464
CHAT: -1001048487670
TEXT: https://telegram.me/WhatsMods

[Sunday, 12 June 2016 at 09:44:39]
ERROR: plugins/banhammer.lua:53: attempt to call global 'is_admin' (a nil value)
FROM: 123038464
CHAT: -1001061283143
TEXT: /gban

[Sunday, 12 June 2016 at 09:48:30]
ERROR: ./methods.lua:91: attempt to concatenate local 'user_id' (a boolean value)
FROM: 123038464
CHAT: -1001061283143
TEXT: /gban

[Friday, 01 July 2016 at 14:32:06]
ERROR: ./methods.lua:116: attempt to index field '?' (a nil value)
FROM: 180791241
CHAT: -1001061269747
TEXT: Http://www.

[Friday, 01 July 2016 at 14:39:52]
ERROR: ./methods.lua:116: attempt to index field '?' (a nil value)
FROM: 180791241
CHAT: -1001061269747
TEXT: Http://www.

[Friday, 01 July 2016 at 14:43:10]
ERROR: ./methods.lua:91: attempt to concatenate local 'user_id' (a nil value)
FROM: 180791241
CHAT: -1001061269747
TEXT: Http

[Friday, 01 July 2016 at 14:45:21]
ERROR: ./methods.lua:91: attempt to concatenate local 'user_id' (a nil value)
FROM: 180791241
CHAT: -1001061269747
TEXT: Http

[Friday, 01 July 2016 at 14:49:33]
ERROR: ./methods.lua:91: attempt to concatenate local 'user_id' (a nil value)
FROM: 180791241
CHAT: -1001061269747
TEXT: Http

[Friday, 01 July 2016 at 15:13:46]
ERROR: plugins/spam.lua:4: attempt to concatenate global 'user' (a nil value)
FROM: 180791241
CHAT: -1001061269747
TEXT: Http

[Friday, 01 July 2016 at 15:16:50]
ERROR: plugins/spam.lua:2: attempt to index field '?' (a nil value)
FROM: 180791241
CHAT: -1001061269747
TEXT: Http

[Friday, 01 July 2016 at 15:18:26]
ERROR: plugins/spam.lua:4: attempt to index field '?' (a nil value)
FROM: 180791241
CHAT: -1001061269747
TEXT: Http

[Friday, 01 July 2016 at 15:20:32]
ERROR: plugins/spam.lua:6: attempt to index field '?' (a nil value)
FROM: 180791241
CHAT: -1001061269747
TEXT: Http

[Friday, 01 July 2016 at 15:22:04]
ERROR: ./methods.lua:91: attempt to concatenate local 'user_id' (a nil value)
FROM: 180791241
CHAT: -1001061269747
TEXT: Http

[Friday, 01 July 2016 at 15:30:27]
ERROR: ./methods.lua:116: attempt to index field '?' (a nil value)
FROM: 180791241
CHAT: -1001061269747
TEXT: Http

[Friday, 01 July 2016 at 15:32:00]
ERROR: ./methods.lua:116: attempt to index field '?' (a nil value)
FROM: 180791241
CHAT: -1001061269747
TEXT: Http

[Friday, 01 July 2016 at 18:35:26]
ERROR: plugins/help.lua:140: attempt to index field '?' (a nil value)
FROM: 180628032
CHAT: 180628032
TEXT: ###cb:!extra

[Friday, 01 July 2016 at 18:36:23]
ERROR: plugins/all.lua:123: attempt to index field '?' (a nil value)
FROM: 180628032
CHAT: -1001061269747
TEXT: /dashboard@Marine_mod_bot

[Friday, 01 July 2016 at 18:36:54]
ERROR: plugins/help.lua:113: attempt to index field '?' (a nil value)
FROM: 180628032
CHAT: -1001061269747
TEXT: /help@Marine_mod_bot

[Friday, 01 July 2016 at 18:37:16]
ERROR: plugins/help.lua:131: attempt to index field '?' (a nil value)
FROM: 180628032
CHAT: 180628032
TEXT: ###cb:!mod

[Friday, 01 July 2016 at 18:37:31]
ERROR: plugins/all.lua:94: attempt to index field '?' (a nil value)
FROM: 180628032
CHAT: -1001056748206
TEXT: /dashboard@Marine_mod_bot

[Friday, 01 July 2016 at 18:55:44]
ERROR: plugins/all.lua:94: attempt to index field '?' (a nil value)
FROM: 180791241
CHAT: -1001056748206
TEXT: /dashboard@Marine_mod_bot

[Friday, 01 July 2016 at 18:56:25]
ERROR: plugins/help.lua:113: attempt to index field '?' (a nil value)
FROM: 180791241
CHAT: -1001056748206
TEXT: /help@Marine_mod_bot

[Friday, 01 July 2016 at 18:57:54]
ERROR: plugins/help.lua:113: attempt to index field '?' (a nil value)
FROM: 180791241
CHAT: -1001056748206
TEXT: /help@Marine_mod_bot

[Friday, 01 July 2016 at 18:58:06]
ERROR: plugins/all.lua:94: attempt to index field '?' (a nil value)
FROM: 180791241
CHAT: -1001056748206
TEXT: /dashboard@Marine_mod_bot

[Friday, 01 July 2016 at 18:58:47]
ERROR: plugins/all.lua:94: attempt to index field '?' (a nil value)
FROM: 180791241
CHAT: -1001056748206
TEXT: /dashboard@Marine_mod_bot

[Friday, 01 July 2016 at 18:58:55]
ERROR: plugins/help.lua:113: attempt to index field '?' (a nil value)
FROM: 180791241
CHAT: -1001056748206
TEXT: /help@Marine_mod_bot

[Friday, 01 July 2016 at 18:59:13]
ERROR: plugins/all.lua:94: attempt to index field '?' (a nil value)
FROM: 180791241
CHAT: -1001056748206
TEXT: /dashboard@Marine_mod_bot

[Friday, 01 July 2016 at 19:05:17]
ERROR: plugins/all.lua:94: attempt to index field '?' (a nil value)
FROM: 180791241
CHAT: -1001056748206
TEXT: /dashboard@Marine_mod_bot

[Friday, 01 July 2016 at 19:06:16]
ERROR: plugins/all.lua:94: attempt to index field '?' (a nil value)
FROM: 180791241
CHAT: -1001056748206
TEXT: /dashboard

[Friday, 01 July 2016 at 19:11:33]
ERROR: plugins/help.lua:131: attempt to index field '?' (a nil value)
FROM: 180791241
CHAT: 180791241
TEXT: ###cb:!mod

[Friday, 01 July 2016 at 19:11:40]
ERROR: plugins/help.lua:123: attempt to index field '?' (a nil value)
FROM: 180791241
CHAT: 180791241
TEXT: ###cb:!info_button

[Friday, 01 July 2016 at 19:11:43]
ERROR: plugins/help.lua:131: attempt to index field '?' (a nil value)
FROM: 180791241
CHAT: 180791241
TEXT: ###cb:!mod

[Friday, 01 July 2016 at 19:12:00]
ERROR: plugins/all.lua:94: attempt to index field '?' (a nil value)
FROM: 180791241
CHAT: -1001056748206
TEXT: /dashboard

[Friday, 01 July 2016 at 19:12:58]
ERROR: plugins/users.lua:155: attempt to index field '?' (a nil value)
FROM: 180791241
CHAT: -1001056748206
TEXT: /adminlist@Marine_mod_bot

[Friday, 01 July 2016 at 19:16:22]
ERROR: plugins/users.lua:155: attempt to index field '?' (a nil value)
FROM: 180791241
CHAT: -1001056748206
TEXT: /adminlist@Marine_mod_bot

[Friday, 01 July 2016 at 19:16:33]
ERROR: plugins/users.lua:155: attempt to index field '?' (a nil value)
FROM: 180791241
CHAT: -1001056748206
TEXT: /adminlist@Marine_mod_bot

[Friday, 01 July 2016 at 19:17:07]
ERROR: plugins/users.lua:155: attempt to index field '?' (a nil value)
FROM: 180791241
CHAT: -1001056748206
TEXT: /adminlist@Marine_mod_bot

[Friday, 01 July 2016 at 19:17:13]
ERROR: plugins/all.lua:94: attempt to index field '?' (a nil value)
FROM: 180791241
CHAT: -1001056748206
TEXT: /dashboard

[Friday, 01 July 2016 at 19:18:09]
ERROR: plugins/all.lua:123: attempt to index field '?' (a nil value)
FROM: 180791241
CHAT: -1001056748206
TEXT: /dashboard

[Friday, 01 July 2016 at 19:19:03]
ERROR: plugins/users.lua:155: attempt to index field '?' (a nil value)
FROM: 180791241
CHAT: -1001056748206
TEXT: /adminlist@Marine_mod_bot

[Friday, 01 July 2016 at 19:20:59]
ERROR: plugins/service.lua:38: attempt to index field '?' (a nil value)
FROM: 180791241
CHAT: -1001056748206
TEXT: ###added

[Friday, 01 July 2016 at 19:30:28]
ERROR: plugins/users.lua:155: attempt to index field '?' (a nil value)
FROM: 180791241
CHAT: -1001061269747
TEXT: /adminlist@Marine_mod_bot

[Friday, 01 July 2016 at 19:32:23]
ERROR: utilities.lua:805: bad argument #1 to 'pairs' (table expected, got nil)
FROM: 180791241
CHAT: -1001066938736
TEXT: ###botadded

[Friday, 01 July 2016 at 20:01:40]
ERROR: utilities.lua:195: attempt to index local 'text' (a nil value)
FROM: 180791241
CHAT: -1001061269747
TEXT: /enable arab

[Saturday, 02 July 2016 at 15:45:39]
ERROR: plugins/spam.lua:6: attempt to concatenate global 'username' (a nil value)
FROM: 123038464
CHAT: -1001066938736
TEXT: Mi Numero:
http://telegram.me/joinchat/CsQqQD9BsPNI-z9hBPS3uw

[Saturday, 02 July 2016 at 15:52:40]
ERROR: plugins/spam.lua:7: attempt to index field 'messages' (a nil value)
FROM: 123038464
CHAT: -1001066938736
TEXT: https://telegram.me/yolaka

[Saturday, 02 July 2016 at 15:53:36]
ERROR: plugins/spam.lua:7: attempt to call field 'deleteMessages' (a nil value)
FROM: 123038464
CHAT: -1001066938736
TEXT: https://telegram.me/yolaka

[Saturday, 02 July 2016 at 15:58:26]
ERROR: plugins/spam.lua:7: attempt to call field 'deleteMessages' (a nil value)
FROM: 123038464
CHAT: -1001066938736
TEXT: https://telegram.me/yolaka

